export CUDA_VISIBLE_DEVICES=0,1
export NCCL_DEBUG=INFO
export NCCL_DEBUG_SUBSYS=ALL
export OMP_NUM_THREADS=1
export PYTORCH_CUDA_ALLOC_CONF=max_split_size_mb:128

LOG=/tmp/vllm_gemma3_tp2.log
vllm serve google/gemma-3-27b-it \
  --max-model-len 20000 \
  --gpu-memory-utilization 0.9 \
  --port 8005 \
  --dtype auto \
  --quantization fp8 \
  --tensor-parallel-size 2 \
  --pipeline-parallel-size 1 \
  2>&1 | tee $LOG
INFO 09-14 10:41:38 [__init__.py:216] Automatically detected platform cuda.
(APIServer pid=3846) INFO 09-14 10:41:39 [api_server.py:1896] vLLM API server version 0.10.2
(APIServer pid=3846) INFO 09-14 10:41:39 [utils.py:328] non-default args: {'model_tag': 'google/gemma-3-27b-it', 'port': 8005, 'model': 'google/gemma-3-27b-it', 'max_model_len': 20000, 'quantization': 'fp8', 'tensor_parallel_size': 2}
(APIServer pid=3846) INFO 09-14 10:41:44 [__init__.py:742] Resolved architecture: Gemma3ForConditionalGeneration
(APIServer pid=3846) `torch_dtype` is deprecated! Use `dtype` instead!
(APIServer pid=3846) INFO 09-14 10:41:44 [__init__.py:1815] Using max model len 20000
(APIServer pid=3846) INFO 09-14 10:41:44 [scheduler.py:222] Chunked prefill is enabled with max_num_batched_tokens=2048.
(APIServer pid=3846) WARNING 09-14 10:41:44 [_ipex_ops.py:16] Import error msg: No module named 'intel_extension_for_pytorch'
INFO 09-14 10:41:50 [__init__.py:216] Automatically detected platform cuda.
(EngineCore_DP0 pid=3866) INFO 09-14 10:41:52 [core.py:654] Waiting for init message from front-end.
(EngineCore_DP0 pid=3866) INFO 09-14 10:41:52 [core.py:76] Initializing a V1 LLM engine (v0.10.2) with config: model='google/gemma-3-27b-it', speculative_config=None, tokenizer='google/gemma-3-27b-it', skip_tokenizer_init=False, tokenizer_mode=auto, revision=None, tokenizer_revision=None, trust_remote_code=False, dtype=torch.bfloat16, max_seq_len=20000, download_dir=None, load_format=auto, tensor_parallel_size=2, pipeline_parallel_size=1, data_parallel_size=1, disable_custom_all_reduce=False, quantization=fp8, enforce_eager=False, kv_cache_dtype=auto, device_config=cuda, decoding_config=DecodingConfig(backend='auto', disable_fallback=False, disable_any_whitespace=False, disable_additional_properties=False, reasoning_backend=''), observability_config=ObservabilityConfig(show_hidden_metrics_for_version=None, otlp_traces_endpoint=None, collect_detailed_traces=None), seed=0, served_model_name=google/gemma-3-27b-it, enable_prefix_caching=True, chunked_prefill_enabled=True, use_async_output_proc=True, pooler_config=None, compilation_config={"level":3,"debug_dump_path":"","cache_dir":"","backend":"","custom_ops":[],"splitting_ops":["vllm.unified_attention","vllm.unified_attention_with_output","vllm.mamba_mixer2","vllm.mamba_mixer","vllm.short_conv","vllm.linear_attention","vllm.plamo2_mamba_mixer","vllm.gdn_attention"],"use_inductor":true,"compile_sizes":[],"inductor_compile_config":{"enable_auto_functionalized_v2":false},"inductor_passes":{},"cudagraph_mode":1,"use_cudagraph":true,"cudagraph_num_of_warmups":1,"cudagraph_capture_sizes":[512,504,496,488,480,472,464,456,448,440,432,424,416,408,400,392,384,376,368,360,352,344,336,328,320,312,304,296,288,280,272,264,256,248,240,232,224,216,208,200,192,184,176,168,160,152,144,136,128,120,112,104,96,88,80,72,64,56,48,40,32,24,16,8,4,2,1],"cudagraph_copy_inputs":false,"full_cuda_graph":false,"pass_config":{},"max_capture_size":512,"local_cache_dir":null}
(EngineCore_DP0 pid=3866) INFO 09-14 10:41:52 [shm_broadcast.py:289] vLLM message queue communication handle: Handle(local_reader_ranks=[0, 1], buffer_handle=(2, 16777216, 10, 'psm_4a4f39ab'), local_subscribe_addr='ipc:///tmp/8fddcf75-5973-43dd-8d37-475480dd97bd', remote_subscribe_addr=None, remote_addr_ipv6=False)
INFO 09-14 10:41:54 [__init__.py:216] Automatically detected platform cuda.
INFO 09-14 10:41:54 [__init__.py:216] Automatically detected platform cuda.
INFO 09-14 10:41:57 [shm_broadcast.py:289] vLLM message queue communication handle: Handle(local_reader_ranks=[0], buffer_handle=(1, 10485760, 10, 'psm_7dea320d'), local_subscribe_addr='ipc:///tmp/855e6d17-a48f-4d20-afff-08080dffbfd5', remote_subscribe_addr=None, remote_addr_ipv6=False)
INFO 09-14 10:41:57 [shm_broadcast.py:289] vLLM message queue communication handle: Handle(local_reader_ranks=[0], buffer_handle=(1, 10485760, 10, 'psm_90ba9292'), local_subscribe_addr='ipc:///tmp/8b859956-61f9-4d31-b6ae-476983844e25', remote_subscribe_addr=None, remote_addr_ipv6=False)
[W914 10:41:57.820111327 ProcessGroupNCCL.cpp:981] Warning: TORCH_NCCL_AVOID_RECORD_STREAMS is the default now, this environment variable is thus deprecated. (function operator())
[W914 10:41:57.825648095 ProcessGroupNCCL.cpp:981] Warning: TORCH_NCCL_AVOID_RECORD_STREAMS is the default now, this environment variable is thus deprecated. (function operator())
[Gloo] Rank 1 is connected to 1 peer ranks. Expected number of connected peer ranks is : 1
[Gloo] Rank 0 is connected to 1 peer ranks. Expected number of connected peer ranks is : 1
[Gloo] Rank 0 is connected to 1 peer ranks. Expected number of connected peer ranks is : 1
[Gloo] Rank 1 is connected to 1 peer ranks. Expected number of connected peer ranks is : 1
INFO 09-14 10:41:57 [__init__.py:1433] Found nccl from library libnccl.so.2
INFO 09-14 10:41:57 [pynccl.py:70] vLLM is using nccl==2.27.3
INFO 09-14 10:41:57 [__init__.py:1433] Found nccl from library libnccl.so.2
INFO 09-14 10:41:57 [pynccl.py:70] vLLM is using nccl==2.27.3
3740aca24e6c:3876:3876 [0] NCCL INFO Bootstrap: Using eth0:172.17.0.2<0>
3740aca24e6c:3876:3876 [0] NCCL INFO cudaDriverVersion 12070
3740aca24e6c:3876:3876 [0] NCCL INFO NCCL version 2.27.3+cuda12.9
3740aca24e6c:3877:3877 [1] NCCL INFO cudaDriverVersion 12070
3740aca24e6c:3877:3877 [1] NCCL INFO Bootstrap: Using eth0:172.17.0.2<0>
3740aca24e6c:3877:3877 [1] NCCL INFO NCCL version 2.27.3+cuda12.9
3740aca24e6c:3876:3876 [0] NCCL INFO init.cc:1792 Cuda Host Alloc Size 4 pointer 0x7e41b1e00000
3740aca24e6c:3877:3877 [1] NCCL INFO init.cc:1792 Cuda Host Alloc Size 4 pointer 0x7448e7e00000
3740aca24e6c:3876:3876 [0] NCCL INFO NET/Plugin: Could not find: libnccl-net.so. 
3740aca24e6c:3876:3876 [0] NCCL INFO Failed to open libibverbs.so[.1]
3740aca24e6c:3876:3876 [0] NCCL INFO NET/Socket : Using [0]eth0:172.17.0.2<0>
3740aca24e6c:3876:3876 [0] NCCL INFO Initialized NET plugin Socket
3740aca24e6c:3876:3876 [0] NCCL INFO Assigned NET plugin Socket to comm
3740aca24e6c:3876:3876 [0] NCCL INFO Using network Socket
3740aca24e6c:3876:3876 [0] NCCL INFO ncclCommInitRank comm 0x580f89e05e10 rank 0 nranks 2 cudaDev 0 nvmlDev 0 busId 1000 commId 0xd2035e8713bfa38d - Init START
3740aca24e6c:3877:3877 [1] NCCL INFO NET/Plugin: Could not find: libnccl-net.so. 
3740aca24e6c:3877:3877 [1] NCCL INFO Failed to open libibverbs.so[.1]
3740aca24e6c:3877:3877 [1] NCCL INFO NET/Socket : Using [0]eth0:172.17.0.2<0>
3740aca24e6c:3877:3877 [1] NCCL INFO Initialized NET plugin Socket
3740aca24e6c:3877:3877 [1] NCCL INFO Assigned NET plugin Socket to comm
3740aca24e6c:3877:3877 [1] NCCL INFO Using network Socket
3740aca24e6c:3877:3877 [1] NCCL INFO ncclCommInitRank comm 0x5a592f5f0fd0 rank 1 nranks 2 cudaDev 1 nvmlDev 1 busId 2e000 commId 0xd2035e8713bfa38d - Init START
3740aca24e6c:3876:3876 [0] NCCL INFO RAS network listening socket at 172.17.0.2<54111>
3740aca24e6c:3877:3877 [1] NCCL INFO RAS network listening socket at 172.17.0.2<51909>
3740aca24e6c:3876:3876 [0] NCCL INFO RAS client listening socket at ::1<28028>
3740aca24e6c:3877:3877 [1] NCCL INFO RAS client listening socket at ::1<28028>
3740aca24e6c:3876:3876 [0] NCCL INFO Mem Realloc old size 0, new size 256 pointer 0x580f8da1c150
3740aca24e6c:3877:3877 [1] NCCL INFO Mem Realloc old size 0, new size 256 pointer 0x5a59331e5730
3740aca24e6c:3876:3922 [0] NCCL INFO RAS thread started
3740aca24e6c:3876:3922 [0] NCCL INFO Mem Realloc old size 0, new size 32 pointer 0x7e415c004e10
3740aca24e6c:3876:3876 [0] NCCL INFO Bootstrap timings total 0.002899 (create 0.000029, send 0.000092, recv 0.002358, ring 0.000040, delay 0.000000)
3740aca24e6c:3877:3877 [1] NCCL INFO Bootstrap timings total 0.000628 (create 0.000024, send 0.000070, recv 0.000182, ring 0.000024, delay 0.000000)
3740aca24e6c:3876:3922 [0] NCCL INFO RAS handling local addRanks request (old nRasPeers 0)
3740aca24e6c:3876:3922 [0] NCCL INFO RAS finished local processing of addRanks request (new nRasPeers 2, nRankPeers 2)
3740aca24e6c:3876:3922 [0] NCCL INFO RAS link 1: calculated deferred primary connection with 172.17.0.2<51909>
3740aca24e6c:3876:3922 [0] NCCL INFO RAS link -1: calculated deferred primary connection with 172.17.0.2<51909>
3740aca24e6c:3877:3923 [0] NCCL INFO RAS thread started
3740aca24e6c:3877:3923 [0] NCCL INFO Mem Realloc old size 0, new size 32 pointer 0x744898004e10
3740aca24e6c:3877:3923 [0] NCCL INFO RAS handling local addRanks request (old nRasPeers 0)
3740aca24e6c:3877:3923 [0] NCCL INFO RAS finished local processing of addRanks request (new nRasPeers 2, nRankPeers 2)
3740aca24e6c:3877:3923 [0] NCCL INFO RAS peer 0: socket 172.17.0.2<51909>, pid 3877, GPU 1 [this process]
3740aca24e6c:3877:3923 [0] NCCL INFO RAS peer 1: socket 172.17.0.2<54111>, pid 3876, GPU 0
3740aca24e6c:3877:3923 [0] NCCL INFO RAS peersHash 0x334b6b6f75a44d08
3740aca24e6c:3877:3923 [0] NCCL INFO RAS link 1: opening new primary connection with 172.17.0.2<54111>
3740aca24e6c:3876:3922 [0] NCCL INFO RAS new incoming socket connection from 172.17.0.2<55878>
3740aca24e6c:3877:3923 [0] NCCL INFO RAS link -1: calculated existing primary connection with 172.17.0.2<54111>
3740aca24e6c:3876:3922 [0] NCCL INFO RAS handling connInit from 172.17.0.2<55878> (version 22703, listeningAddr 172.17.0.2<51909>, peersHash 0x334b6b6f75a44d08, deadPeersHash 0x0)
3740aca24e6c:3877:3923 [0] NCCL INFO RAS handling connInitAck from 172.17.0.2<54111> (nack 0)
3740aca24e6c:3877:3923 [0] NCCL INFO RAS established connection with 172.17.0.2<54111> (sendQ empty, experiencingDelays 0, startRetryTime 0.00s)
3740aca24e6c:3877:3877 [1] NCCL INFO Topology detection : could not read /sys/devices/system/node/node-1/cpumap, ignoring
3740aca24e6c:3876:3876 [0] NCCL INFO Topology detection : could not read /sys/devices/system/node/node-1/cpumap, ignoring
3740aca24e6c:3877:3877 [1] NCCL INFO TOPO/NET : Importing network plugins to topology
3740aca24e6c:3876:3876 [0] NCCL INFO TOPO/NET : Importing network plugins to topology
3740aca24e6c:3877:3877 [1] NCCL INFO Retrieving state for Socket
3740aca24e6c:3876:3876 [0] NCCL INFO Retrieving state for Socket
3740aca24e6c:3877:3877 [1] NCCL INFO Initialized state 0 for Socket
3740aca24e6c:3876:3876 [0] NCCL INFO Initialized state 0 for Socket
3740aca24e6c:3877:3877 [1] NCCL INFO NET/Socket : GPU Direct RDMA Disabled for HCA 0 'eth0'
3740aca24e6c:3877:3877 [1] NCCL INFO ncclTopoPopulateNics : Filled eth0 in topo with pciPath=(null) keep=1 coll=(null)
3740aca24e6c:3876:3876 [0] NCCL INFO NET/Socket : GPU Direct RDMA Disabled for HCA 0 'eth0'
3740aca24e6c:3876:3876 [0] NCCL INFO ncclTopoPopulateNics : Filled eth0 in topo with pciPath=(null) keep=1 coll=(null)
3740aca24e6c:3877:3877 [1] NCCL INFO === System : maxBw 24.0 totalBw 24.0 ===
3740aca24e6c:3877:3877 [1] NCCL INFO CPU/0-ffffffffffffff (1/2/-1)
3740aca24e6c:3877:3877 [1] NCCL INFO + PCI[5000.0] - NIC/0-0
3740aca24e6c:3877:3877 [1] NCCL INFO + PCI[24.0] - GPU/0-1000 (0)
3740aca24e6c:3877:3877 [1] NCCL INFO + PCI[24.0] - GPU/0-2e000 (1)
3740aca24e6c:3877:3877 [1] NCCL INFO ==========================================
3740aca24e6c:3877:3877 [1] NCCL INFO GPU/0-1000 :GPU/0-1000 (0/5000.0/LOC) GPU/0-2e000 (2/24.0/PHB) CPU/0-ffffffffffffff (1/24.0/PHB) 
3740aca24e6c:3877:3877 [1] NCCL INFO GPU/0-2e000 :GPU/0-1000 (2/24.0/PHB) GPU/0-2e000 (0/5000.0/LOC) CPU/0-ffffffffffffff (1/24.0/PHB) 
3740aca24e6c:3877:3877 [1] NCCL INFO Pattern 4, crossNic 0, nChannels 2, bw 12.000000/12.000000, type PHB/PIX, sameChannels 1
3740aca24e6c:3877:3877 [1] NCCL INFO  0 : GPU/0 GPU/1
3740aca24e6c:3877:3877 [1] NCCL INFO  1 : GPU/0 GPU/1
3740aca24e6c:3877:3877 [1] NCCL INFO Pattern 1, crossNic 0, nChannels 2, bw 20.000000/20.000000, type PHB/PIX, sameChannels 0
3740aca24e6c:3877:3877 [1] NCCL INFO  0 : GPU/0 GPU/1
3740aca24e6c:3877:3877 [1] NCCL INFO  1 : GPU/1 GPU/0
3740aca24e6c:3876:3876 [0] NCCL INFO === System : maxBw 24.0 totalBw 24.0 ===
3740aca24e6c:3876:3876 [0] NCCL INFO CPU/0-ffffffffffffff (1/2/-1)
3740aca24e6c:3876:3876 [0] NCCL INFO + PCI[5000.0] - NIC/0-0
3740aca24e6c:3876:3876 [0] NCCL INFO + PCI[24.0] - GPU/0-1000 (0)
3740aca24e6c:3876:3876 [0] NCCL INFO + PCI[24.0] - GPU/0-2e000 (1)
3740aca24e6c:3876:3876 [0] NCCL INFO ==========================================
3740aca24e6c:3876:3876 [0] NCCL INFO GPU/0-1000 :GPU/0-1000 (0/5000.0/LOC) GPU/0-2e000 (2/24.0/PHB) CPU/0-ffffffffffffff (1/24.0/PHB) 
3740aca24e6c:3876:3876 [0] NCCL INFO GPU/0-2e000 :GPU/0-1000 (2/24.0/PHB) GPU/0-2e000 (0/5000.0/LOC) CPU/0-ffffffffffffff (1/24.0/PHB) 
3740aca24e6c:3876:3876 [0] NCCL INFO Pattern 4, crossNic 0, nChannels 2, bw 12.000000/12.000000, type PHB/PIX, sameChannels 1
3740aca24e6c:3876:3876 [0] NCCL INFO  0 : GPU/0 GPU/1
3740aca24e6c:3876:3876 [0] NCCL INFO  1 : GPU/0 GPU/1
3740aca24e6c:3876:3876 [0] NCCL INFO Pattern 1, crossNic 0, nChannels 2, bw 20.000000/20.000000, type PHB/PIX, sameChannels 0
3740aca24e6c:3876:3876 [0] NCCL INFO  0 : GPU/0 GPU/1
3740aca24e6c:3876:3876 [0] NCCL INFO  1 : GPU/1 GPU/0
3740aca24e6c:3877:3877 [1] NCCL INFO comm 0x5a592f5f0fd0 rank 1 nRanks 2 nNodes 1 localRanks 2 localRank 1 MNNVL 0
3740aca24e6c:3876:3876 [0] NCCL INFO comm 0x580f89e05e10 rank 0 nRanks 2 nNodes 1 localRanks 2 localRank 0 MNNVL 0
3740aca24e6c:3877:3877 [1] NCCL INFO Tree 0 : 0 -> 1 -> -1/-1/-1
3740aca24e6c:3876:3876 [0] NCCL INFO Tree 0 : -1 -> 0 -> 1/-1/-1
3740aca24e6c:3877:3877 [1] NCCL INFO Tree 2 : 0 -> 1 -> -1/-1/-1
3740aca24e6c:3876:3876 [0] NCCL INFO Tree 2 : -1 -> 0 -> 1/-1/-1
3740aca24e6c:3877:3877 [1] NCCL INFO Tree 1 : -1 -> 1 -> 0/-1/-1
3740aca24e6c:3876:3876 [0] NCCL INFO Tree 1 : 1 -> 0 -> -1/-1/-1
3740aca24e6c:3877:3877 [1] NCCL INFO Tree 3 : -1 -> 1 -> 0/-1/-1
3740aca24e6c:3876:3876 [0] NCCL INFO Tree 3 : 1 -> 0 -> -1/-1/-1
3740aca24e6c:3876:3876 [0] NCCL INFO Channel 00/04 : 0 1
3740aca24e6c:3877:3877 [1] NCCL INFO Ring 00 : 0 -> 1 -> 0
3740aca24e6c:3876:3876 [0] NCCL INFO Channel 01/04 : 0 1
3740aca24e6c:3877:3877 [1] NCCL INFO Ring 01 : 0 -> 1 -> 0
3740aca24e6c:3876:3876 [0] NCCL INFO Channel 02/04 : 0 1
3740aca24e6c:3877:3877 [1] NCCL INFO Ring 02 : 0 -> 1 -> 0
3740aca24e6c:3876:3876 [0] NCCL INFO Channel 03/04 : 0 1
3740aca24e6c:3877:3877 [1] NCCL INFO Ring 03 : 0 -> 1 -> 0
3740aca24e6c:3877:3877 [1] NCCL INFO Trees [0] -1/-1/-1->1->0 [1] 0/-1/-1->1->-1 [2] -1/-1/-1->1->0 [3] 0/-1/-1->1->-1
3740aca24e6c:3876:3876 [0] NCCL INFO Ring 00 : 1 -> 0 -> 1
3740aca24e6c:3877:3877 [1] NCCL INFO P2P Chunksize set to 131072
3740aca24e6c:3876:3876 [0] NCCL INFO Ring 01 : 1 -> 0 -> 1
3740aca24e6c:3876:3876 [0] NCCL INFO Ring 02 : 1 -> 0 -> 1
3740aca24e6c:3876:3876 [0] NCCL INFO Ring 03 : 1 -> 0 -> 1
3740aca24e6c:3876:3876 [0] NCCL INFO Trees [0] 1/-1/-1->0->-1 [1] -1/-1/-1->0->1 [2] 1/-1/-1->0->-1 [3] -1/-1/-1->0->1
3740aca24e6c:3876:3876 [0] NCCL INFO P2P Chunksize set to 131072
3740aca24e6c:3877:3877 [1] NCCL INFO PROFILER/Plugin: Could not find: libnccl-profiler.so. 
3740aca24e6c:3876:3876 [0] NCCL INFO PROFILER/Plugin: Could not find: libnccl-profiler.so. 
3740aca24e6c:3876:3876 [0] NCCL INFO Check P2P Type isAllDirectP2p 1 directMode 0
3740aca24e6c:3877:3877 [1] NCCL INFO UDS: Creating service thread comm 0x5a592f5f0fd0 rank 1
3740aca24e6c:3876:3876 [0] NCCL INFO UDS: Creating service thread comm 0x580f89e05e10 rank 0
3740aca24e6c:3877:3877 [1] NCCL INFO misc/utils.cc:233 memory stack hunk malloc(65536)
3740aca24e6c:3876:3876 [0] NCCL INFO misc/utils.cc:233 memory stack hunk malloc(65536)
3740aca24e6c:3877:3924 [1] NCCL INFO [Proxy Service] Device 1 CPU core 5
3740aca24e6c:3876:3925 [0] NCCL INFO [Proxy Service] Device 0 CPU core 1
3740aca24e6c:3877:3926 [1] NCCL INFO [Proxy Service UDS] Device 1 CPU core 29
3740aca24e6c:3876:3927 [0] NCCL INFO [Proxy Service UDS] Device 0 CPU core 4
3740aca24e6c:3876:3876 [0] NCCL INFO channel.cc:42 Cuda Alloc Size 1216 pointer 0x7e41b4400000
3740aca24e6c:3877:3877 [1] NCCL INFO channel.cc:42 Cuda Alloc Size 1216 pointer 0x7448ea400000
3740aca24e6c:3876:3876 [0] NCCL INFO channel.cc:45 Cuda Alloc Size 40 pointer 0x7e41b4600000
3740aca24e6c:3877:3877 [1] NCCL INFO channel.cc:45 Cuda Alloc Size 40 pointer 0x7448ea600000
3740aca24e6c:3876:3876 [0] NCCL INFO channel.cc:56 Cuda Alloc Size 8 pointer 0x7e41b4800000
3740aca24e6c:3877:3877 [1] NCCL INFO channel.cc:56 Cuda Alloc Size 8 pointer 0x7448ea800000
3740aca24e6c:3876:3876 [0] NCCL INFO channel.cc:42 Cuda Alloc Size 1216 pointer 0x7e41b4a00000
3740aca24e6c:3877:3877 [1] NCCL INFO channel.cc:42 Cuda Alloc Size 1216 pointer 0x7448eaa00000
3740aca24e6c:3876:3876 [0] NCCL INFO channel.cc:45 Cuda Alloc Size 40 pointer 0x7e41b4c00000
3740aca24e6c:3877:3877 [1] NCCL INFO channel.cc:45 Cuda Alloc Size 40 pointer 0x7448eac00000
3740aca24e6c:3876:3876 [0] NCCL INFO channel.cc:56 Cuda Alloc Size 8 pointer 0x7e41b4e00000
3740aca24e6c:3877:3877 [1] NCCL INFO channel.cc:56 Cuda Alloc Size 8 pointer 0x7448eae00000
3740aca24e6c:3876:3876 [0] NCCL INFO channel.cc:42 Cuda Alloc Size 1216 pointer 0x7e41b5000000
3740aca24e6c:3877:3877 [1] NCCL INFO channel.cc:42 Cuda Alloc Size 1216 pointer 0x7448eb000000
3740aca24e6c:3876:3876 [0] NCCL INFO channel.cc:45 Cuda Alloc Size 40 pointer 0x7e41b5200000
3740aca24e6c:3877:3877 [1] NCCL INFO channel.cc:45 Cuda Alloc Size 40 pointer 0x7448eb200000
3740aca24e6c:3876:3876 [0] NCCL INFO channel.cc:56 Cuda Alloc Size 8 pointer 0x7e41b5400000
3740aca24e6c:3877:3877 [1] NCCL INFO channel.cc:56 Cuda Alloc Size 8 pointer 0x7448eb400000
3740aca24e6c:3876:3876 [0] NCCL INFO channel.cc:42 Cuda Alloc Size 1216 pointer 0x7e41b5600000
3740aca24e6c:3877:3877 [1] NCCL INFO channel.cc:42 Cuda Alloc Size 1216 pointer 0x7448eb600000
3740aca24e6c:3877:3877 [1] NCCL INFO channel.cc:45 Cuda Alloc Size 40 pointer 0x7448eb800000
3740aca24e6c:3876:3876 [0] NCCL INFO channel.cc:45 Cuda Alloc Size 40 pointer 0x7e41b5800000
3740aca24e6c:3877:3877 [1] NCCL INFO channel.cc:56 Cuda Alloc Size 8 pointer 0x7448eba00000
3740aca24e6c:3877:3877 [1] NCCL INFO threadThresholds 8/8/64 | 16/8/64 | 512 | 512
3740aca24e6c:3877:3877 [1] NCCL INFO 4 coll channels, 4 collnet channels, 0 nvls channels, 4 p2p channels, 2 p2p channels per peer
3740aca24e6c:3876:3876 [0] NCCL INFO channel.cc:56 Cuda Alloc Size 8 pointer 0x7e41b5a00000
3740aca24e6c:3876:3876 [0] NCCL INFO   Algorithm   |                            Tree                  |                            Ring                  |                   CollNetDirect                  |
3740aca24e6c:3876:3876 [0] NCCL INFO   Protocol    |             LL |          LL128 |         Simple |             LL |          LL128 |         Simple |             LL |          LL128 |         Simple |
3740aca24e6c:3876:3876 [0] NCCL INFO  Max NThreads |            512 |            640 |            512 |            512 |            640 |            512 |              0 |              0 |            640 |
3740aca24e6c:3876:3876 [0] NCCL INFO     Broadcast |     0.0/   0.0 |     0.0/   0.0 |     0.0/   0.0 |     7.6/  12.0 |    16.5/   0.0 |    14.1/  24.0 |     0.0/   0.0 |     0.0/   0.0 |     0.0/   0.0 |
3740aca24e6c:3876:3876 [0] NCCL INFO        Reduce |     0.0/   0.0 |     0.0/   0.0 |     0.0/   0.0 |     7.6/  12.0 |    16.5/   0.0 |    14.1/  24.0 |     0.0/   0.0 |     0.0/   0.0 |     0.0/   0.0 |
3740aca24e6c:3876:3876 [0] NCCL INFO     AllGather |     0.0/   0.0 |     0.0/   0.0 |     0.0/   0.0 |     7.6/  24.0 |    16.5/   0.0 |    14.1/  48.0 |     0.8/   0.0 |     0.8/   0.0 |    39.2/   0.0 |
3740aca24e6c:3876:3876 [0] NCCL INFO ReduceScatter |     0.0/   0.0 |     0.0/   0.0 |     0.0/   0.0 |     7.6/  24.0 |    16.5/   0.0 |    14.1/  48.0 |     0.8/   0.0 |     0.8/   0.0 |    39.2/   0.0 |
3740aca24e6c:3876:3876 [0] NCCL INFO     AllReduce |     8.8/   4.8 |    17.8/   0.0 |    16.4/  18.4 |     8.6/  12.0 |    19.0/   0.0 |    19.8/  24.0 |     0.8/   0.0 |     0.8/   0.0 |    39.2/   0.0 |
3740aca24e6c:3876:3876 [0] NCCL INFO   Algorithm   |                    CollNetChain                  |                            NVLS                  |                        NVLSTree                  |
3740aca24e6c:3876:3876 [0] NCCL INFO   Protocol    |             LL |          LL128 |         Simple |             LL |          LL128 |         Simple |             LL |          LL128 |         Simple |
3740aca24e6c:3876:3876 [0] NCCL INFO  Max NThreads |              0 |              0 |            640 |              0 |              0 |            640 |              0 |              0 |            640 |
3740aca24e6c:3876:3876 [0] NCCL INFO     Broadcast |     0.0/   0.0 |     0.0/   0.0 |     0.0/   0.0 |     0.0/   0.0 |     0.0/   0.0 |     0.0/   0.0 |     0.0/   0.0 |     0.0/   0.0 |     0.0/   0.0 |
3740aca24e6c:3876:3876 [0] NCCL INFO        Reduce |     0.0/   0.0 |     0.0/   0.0 |     0.0/   0.0 |     0.0/   0.0 |     0.0/   0.0 |     0.0/   0.0 |     0.0/   0.0 |     0.0/   0.0 |     0.0/   0.0 |
3740aca24e6c:3876:3876 [0] NCCL INFO     AllGather |     0.0/   0.0 |     0.0/   0.0 |     0.0/   0.0 |     0.0/   0.0 |     0.0/   0.0 |     0.0/   0.0 |     0.0/   0.0 |     0.0/   0.0 |     0.0/   0.0 |
3740aca24e6c:3876:3876 [0] NCCL INFO ReduceScatter |     0.0/   0.0 |     0.0/   0.0 |     0.0/   0.0 |     0.0/   0.0 |     0.0/   0.0 |     0.0/   0.0 |     0.0/   0.0 |     0.0/   0.0 |     0.0/   0.0 |
3740aca24e6c:3876:3876 [0] NCCL INFO     AllReduce |     0.0/   0.0 |     0.0/   0.0 |    35.6/   0.0 |     0.0/   0.0 |     0.0/   0.0 |     0.0/   0.0 |     0.0/   0.0 |     0.0/   0.0 |     0.0/   0.0 |
3740aca24e6c:3876:3876 [0] NCCL INFO   Algorithm   |                             PAT                  |
3740aca24e6c:3876:3876 [0] NCCL INFO   Protocol    |             LL |          LL128 |         Simple |             LL |          LL128 |         Simple |             LL |          LL128 |         Simple |
3740aca24e6c:3876:3876 [0] NCCL INFO  Max NThreads |              0 |              0 |              0 |
3740aca24e6c:3876:3876 [0] NCCL INFO     Broadcast |     0.0/   0.0 |     0.0/   0.0 |     0.0/   0.0 |
3740aca24e6c:3876:3876 [0] NCCL INFO        Reduce |     0.0/   0.0 |     0.0/   0.0 |     0.0/   0.0 |
3740aca24e6c:3876:3876 [0] NCCL INFO     AllGather |     0.0/   0.0 |     0.0/   0.0 |     0.0/   0.0 |
3740aca24e6c:3876:3876 [0] NCCL INFO ReduceScatter |     0.0/   0.0 |     0.0/   0.0 |     0.0/   0.0 |
3740aca24e6c:3876:3876 [0] NCCL INFO     AllReduce |     0.0/   0.0 |     0.0/   0.0 |     0.0/   0.0 |
3740aca24e6c:3876:3876 [0] NCCL INFO threadThresholds 8/8/64 | 16/8/64 | 512 | 512
3740aca24e6c:3876:3876 [0] NCCL INFO 4 coll channels, 4 collnet channels, 0 nvls channels, 4 p2p channels, 2 p2p channels per peer
3740aca24e6c:3877:3877 [1] NCCL INFO init.cc:447 Cuda Alloc Size 23648 pointer 0x7448ebc00000
3740aca24e6c:3876:3876 [0] NCCL INFO init.cc:447 Cuda Alloc Size 23648 pointer 0x7e41b5c00000
3740aca24e6c:3877:3877 [1] NCCL INFO init.cc:449 Cuda Alloc Size 8 pointer 0x7448ebe00000
3740aca24e6c:3876:3876 [0] NCCL INFO init.cc:449 Cuda Alloc Size 8 pointer 0x7e41b5e00000
3740aca24e6c:3876:3876 [0] NCCL INFO CC Off, workFifoBytes 1048576
3740aca24e6c:3877:3877 [1] NCCL INFO init.cc:491 Cuda Host Alloc Size 1048576 pointer 0x7448e7e00200
3740aca24e6c:3877:3877 [1] NCCL INFO init.cc:501 Cuda Host Alloc Size 65536 pointer 0x7448e7f00200
3740aca24e6c:3877:3877 [1] NCCL INFO init.cc:502 Cuda Host Alloc Size 65536 pointer 0x7448e7f10200
3740aca24e6c:3876:3876 [0] NCCL INFO init.cc:491 Cuda Host Alloc Size 1048576 pointer 0x7e41b1e00200
3740aca24e6c:3876:3876 [0] NCCL INFO init.cc:501 Cuda Host Alloc Size 65536 pointer 0x7e41b1f00200
3740aca24e6c:3876:3876 [0] NCCL INFO init.cc:502 Cuda Host Alloc Size 65536 pointer 0x7e41b1f10200
3740aca24e6c:3877:3877 [1] NCCL INFO TUNER/Plugin: Could not find: libnccl-tuner.so. Using internal tuner plugin.
3740aca24e6c:3877:3877 [1] NCCL INFO ncclCommInitRank comm 0x5a592f5f0fd0 rank 1 nranks 2 cudaDev 1 nvmlDev 1 busId 2e000 commId 0xd2035e8713bfa38d - Init COMPLETE
3740aca24e6c:3877:3877 [1] NCCL INFO Init timings - ncclCommInitRank: rank 1 nranks 2 total 0.15 (kernels 0.14, alloc 0.00, bootstrap 0.00, allgathers 0.00, topo 0.01, graphs 0.00, connections 0.00, rest 0.00)
3740aca24e6c:3876:3876 [0] NCCL INFO TUNER/Plugin: Could not find: libnccl-tuner.so. Using internal tuner plugin.
3740aca24e6c:3876:3876 [0] NCCL INFO ncclCommInitRank comm 0x580f89e05e10 rank 0 nranks 2 cudaDev 0 nvmlDev 0 busId 1000 commId 0xd2035e8713bfa38d - Init COMPLETE
3740aca24e6c:3876:3876 [0] NCCL INFO Init timings - ncclCommInitRank: rank 0 nranks 2 total 0.15 (kernels 0.14, alloc 0.00, bootstrap 0.00, allgathers 0.00, topo 0.01, graphs 0.00, connections 0.00, rest 0.00)
3740aca24e6c:3877:3877 [1] NCCL INFO AllReduce: opCount 0 sendbuff 0x7448ec000000 recvbuff 0x7448ec000200 count 1 datatype 7 op 0 root 0 comm 0x5a592f5f0fd0 [nranks=2] stream (nil)
3740aca24e6c:3877:3877 [1] NCCL INFO misc/utils.cc:233 memory stack hunk malloc(65536)
3740aca24e6c:3876:3876 [0] NCCL INFO AllReduce: opCount 0 sendbuff 0x7e41b6000000 recvbuff 0x7e41b6000200 count 1 datatype 7 op 0 root 0 comm 0x580f89e05e10 [nranks=2] stream (nil)
3740aca24e6c:3876:3876 [0] NCCL INFO misc/utils.cc:233 memory stack hunk malloc(65536)
3740aca24e6c:3877:3924 [1] NCCL INFO Mem Realloc old size 0, new size 8 pointer 0x744890004f20
3740aca24e6c:3877:3924 [1] NCCL INFO New proxy recv connection 0 from local rank 1, transport 0
3740aca24e6c:3877:3924 [1] NCCL INFO proxyProgressAsync opId=0x74488c00dd90 op.type=1 op.reqBuff=0x744890004ee0 op.respSize=16 done
3740aca24e6c:3877:3928 [1] NCCL INFO ncclPollProxyResponse Received new opId=0x74488c00dd90
3740aca24e6c:3877:3924 [1] NCCL INFO Received and initiated operation=Init res=0
3740aca24e6c:3877:3928 [1] NCCL INFO resp.opId=0x74488c00dd90 matches expected opId=0x74488c00dd90
3740aca24e6c:3877:3928 [1] NCCL INFO Connected to proxy localRank 1 -> connection 0x744890004f40
3740aca24e6c:3876:3925 [0] NCCL INFO Mem Realloc old size 0, new size 8 pointer 0x7e4154004f20
3740aca24e6c:3876:3925 [0] NCCL INFO New proxy recv connection 0 from local rank 0, transport 0
3740aca24e6c:3876:3925 [0] NCCL INFO proxyProgressAsync opId=0x7e414c00dd90 op.type=1 op.reqBuff=0x7e4154004ee0 op.respSize=16 done
3740aca24e6c:3876:3929 [0] NCCL INFO ncclPollProxyResponse Received new opId=0x7e414c00dd90
3740aca24e6c:3876:3925 [0] NCCL INFO Received and initiated operation=Init res=0
3740aca24e6c:3876:3929 [0] NCCL INFO resp.opId=0x7e414c00dd90 matches expected opId=0x7e414c00dd90
3740aca24e6c:3876:3929 [0] NCCL INFO Connected to proxy localRank 0 -> connection 0x7e4154004f40
3740aca24e6c:3877:3924 [1] NCCL INFO Allocated shareable buffer 0x7448ec200000 size 10485760 ipcDesc 0x744890008b80
3740aca24e6c:3877:3924 [1] NCCL INFO proxyProgressAsync opId=0x74488c00dd90 op.type=3 op.reqBuff=0x744890008b50 op.respSize=88 done
3740aca24e6c:3877:3928 [1] NCCL INFO ncclPollProxyResponse Received new opId=0x74488c00dd90
3740aca24e6c:3877:3924 [1] NCCL INFO Received and initiated operation=Setup res=0
3740aca24e6c:3877:3928 [1] NCCL INFO resp.opId=0x74488c00dd90 matches expected opId=0x74488c00dd90
3740aca24e6c:3877:3924 [1] NCCL INFO New proxy recv connection 1 from local rank 1, transport 0
3740aca24e6c:3877:3924 [1] NCCL INFO proxyProgressAsync opId=0x74488c00dd90 op.type=1 op.reqBuff=0x74489000a490 op.respSize=16 done
3740aca24e6c:3877:3928 [1] NCCL INFO ncclPollProxyResponse Received new opId=0x74488c00dd90
3740aca24e6c:3877:3924 [1] NCCL INFO Received and initiated operation=Init res=0
3740aca24e6c:3877:3928 [1] NCCL INFO resp.opId=0x74488c00dd90 matches expected opId=0x74488c00dd90
3740aca24e6c:3877:3928 [1] NCCL INFO Connected to proxy localRank 1 -> connection 0x744890004fb8
3740aca24e6c:3876:3925 [0] NCCL INFO Allocated shareable buffer 0x7e41b6200000 size 10485760 ipcDesc 0x7e4154008b80
3740aca24e6c:3876:3925 [0] NCCL INFO proxyProgressAsync opId=0x7e414c00dd90 op.type=3 op.reqBuff=0x7e4154008b50 op.respSize=88 done
3740aca24e6c:3876:3929 [0] NCCL INFO ncclPollProxyResponse Received new opId=0x7e414c00dd90
3740aca24e6c:3876:3925 [0] NCCL INFO Received and initiated operation=Setup res=0
3740aca24e6c:3876:3929 [0] NCCL INFO resp.opId=0x7e414c00dd90 matches expected opId=0x7e414c00dd90
3740aca24e6c:3876:3925 [0] NCCL INFO New proxy recv connection 1 from local rank 0, transport 0
3740aca24e6c:3876:3925 [0] NCCL INFO proxyProgressAsync opId=0x7e414c00dd90 op.type=1 op.reqBuff=0x7e415400a490 op.respSize=16 done
3740aca24e6c:3876:3929 [0] NCCL INFO ncclPollProxyResponse Received new opId=0x7e414c00dd90
3740aca24e6c:3876:3925 [0] NCCL INFO Received and initiated operation=Init res=0
3740aca24e6c:3876:3929 [0] NCCL INFO resp.opId=0x7e414c00dd90 matches expected opId=0x7e414c00dd90
3740aca24e6c:3876:3929 [0] NCCL INFO Connected to proxy localRank 0 -> connection 0x7e4154004fb8
3740aca24e6c:3877:3924 [1] NCCL INFO Allocated shareable buffer 0x7448ecc00000 size 10485760 ipcDesc 0x74489000a500
3740aca24e6c:3877:3924 [1] NCCL INFO proxyProgressAsync opId=0x74488c00dd90 op.type=3 op.reqBuff=0x74489000a4d0 op.respSize=88 done
3740aca24e6c:3877:3928 [1] NCCL INFO ncclPollProxyResponse Received new opId=0x74488c00dd90
3740aca24e6c:3877:3924 [1] NCCL INFO Received and initiated operation=Setup res=0
3740aca24e6c:3877:3928 [1] NCCL INFO resp.opId=0x74488c00dd90 matches expected opId=0x74488c00dd90
3740aca24e6c:3877:3924 [1] NCCL INFO New proxy recv connection 2 from local rank 1, transport 0
3740aca24e6c:3877:3924 [1] NCCL INFO proxyProgressAsync opId=0x74488c00dd90 op.type=1 op.reqBuff=0x74489000bbd0 op.respSize=16 done
3740aca24e6c:3877:3928 [1] NCCL INFO ncclPollProxyResponse Received new opId=0x74488c00dd90
3740aca24e6c:3877:3924 [1] NCCL INFO Received and initiated operation=Init res=0
3740aca24e6c:3877:3928 [1] NCCL INFO resp.opId=0x74488c00dd90 matches expected opId=0x74488c00dd90
3740aca24e6c:3877:3928 [1] NCCL INFO Connected to proxy localRank 1 -> connection 0x744890005030
3740aca24e6c:3876:3925 [0] NCCL INFO Allocated shareable buffer 0x7e41b6c00000 size 10485760 ipcDesc 0x7e415400a500
3740aca24e6c:3876:3925 [0] NCCL INFO proxyProgressAsync opId=0x7e414c00dd90 op.type=3 op.reqBuff=0x7e415400a4d0 op.respSize=88 done
3740aca24e6c:3876:3929 [0] NCCL INFO ncclPollProxyResponse Received new opId=0x7e414c00dd90
3740aca24e6c:3876:3925 [0] NCCL INFO Received and initiated operation=Setup res=0
3740aca24e6c:3876:3929 [0] NCCL INFO resp.opId=0x7e414c00dd90 matches expected opId=0x7e414c00dd90
3740aca24e6c:3876:3925 [0] NCCL INFO New proxy recv connection 2 from local rank 0, transport 0
3740aca24e6c:3876:3925 [0] NCCL INFO proxyProgressAsync opId=0x7e414c00dd90 op.type=1 op.reqBuff=0x7e415400bbd0 op.respSize=16 done
3740aca24e6c:3876:3929 [0] NCCL INFO ncclPollProxyResponse Received new opId=0x7e414c00dd90
3740aca24e6c:3876:3925 [0] NCCL INFO Received and initiated operation=Init res=0
3740aca24e6c:3876:3929 [0] NCCL INFO resp.opId=0x7e414c00dd90 matches expected opId=0x7e414c00dd90
3740aca24e6c:3876:3929 [0] NCCL INFO Connected to proxy localRank 0 -> connection 0x7e4154005030
3740aca24e6c:3877:3924 [1] NCCL INFO Allocated shareable buffer 0x7448ed600000 size 10485760 ipcDesc 0x74489000bc20
3740aca24e6c:3877:3924 [1] NCCL INFO proxyProgressAsync opId=0x74488c00dd90 op.type=3 op.reqBuff=0x74489000bbf0 op.respSize=88 done
3740aca24e6c:3877:3928 [1] NCCL INFO ncclPollProxyResponse Received new opId=0x74488c00dd90
3740aca24e6c:3877:3924 [1] NCCL INFO Received and initiated operation=Setup res=0
3740aca24e6c:3877:3928 [1] NCCL INFO resp.opId=0x74488c00dd90 matches expected opId=0x74488c00dd90
3740aca24e6c:3877:3924 [1] NCCL INFO New proxy recv connection 3 from local rank 1, transport 0
3740aca24e6c:3877:3924 [1] NCCL INFO proxyProgressAsync opId=0x74488c00dd90 op.type=1 op.reqBuff=0x74489000bbf0 op.respSize=16 done
3740aca24e6c:3877:3928 [1] NCCL INFO ncclPollProxyResponse Received new opId=0x74488c00dd90
3740aca24e6c:3877:3924 [1] NCCL INFO Received and initiated operation=Init res=0
3740aca24e6c:3877:3928 [1] NCCL INFO resp.opId=0x74488c00dd90 matches expected opId=0x74488c00dd90
3740aca24e6c:3876:3925 [0] NCCL INFO Allocated shareable buffer 0x7e41b7600000 size 10485760 ipcDesc 0x7e415400bc20
3740aca24e6c:3877:3928 [1] NCCL INFO Connected to proxy localRank 1 -> connection 0x7448900050a8
3740aca24e6c:3876:3925 [0] NCCL INFO proxyProgressAsync opId=0x7e414c00dd90 op.type=3 op.reqBuff=0x7e415400bbf0 op.respSize=88 done
3740aca24e6c:3876:3929 [0] NCCL INFO ncclPollProxyResponse Received new opId=0x7e414c00dd90
3740aca24e6c:3876:3925 [0] NCCL INFO Received and initiated operation=Setup res=0
3740aca24e6c:3876:3929 [0] NCCL INFO resp.opId=0x7e414c00dd90 matches expected opId=0x7e414c00dd90
3740aca24e6c:3876:3925 [0] NCCL INFO New proxy recv connection 3 from local rank 0, transport 0
3740aca24e6c:3876:3925 [0] NCCL INFO proxyProgressAsync opId=0x7e414c00dd90 op.type=1 op.reqBuff=0x7e415400bbf0 op.respSize=16 done
3740aca24e6c:3876:3929 [0] NCCL INFO ncclPollProxyResponse Received new opId=0x7e414c00dd90
3740aca24e6c:3876:3925 [0] NCCL INFO Received and initiated operation=Init res=0
3740aca24e6c:3876:3929 [0] NCCL INFO resp.opId=0x7e414c00dd90 matches expected opId=0x7e414c00dd90
3740aca24e6c:3876:3929 [0] NCCL INFO Connected to proxy localRank 0 -> connection 0x7e41540050a8
3740aca24e6c:3877:3924 [1] NCCL INFO Allocated shareable buffer 0x7448ee000000 size 10485760 ipcDesc 0x74489000d320
3740aca24e6c:3877:3924 [1] NCCL INFO proxyProgressAsync opId=0x74488c00dd90 op.type=3 op.reqBuff=0x74489000d2f0 op.respSize=88 done
3740aca24e6c:3877:3928 [1] NCCL INFO ncclPollProxyResponse Received new opId=0x74488c00dd90
3740aca24e6c:3877:3924 [1] NCCL INFO Received and initiated operation=Setup res=0
3740aca24e6c:3877:3928 [1] NCCL INFO resp.opId=0x74488c00dd90 matches expected opId=0x74488c00dd90
3740aca24e6c:3877:3928 [1] NCCL INFO Channel 00/0 : 1[1] -> 0[0] via P2P/CUMEM
3740aca24e6c:3876:3925 [0] NCCL INFO Allocated shareable buffer 0x7e41b8000000 size 10485760 ipcDesc 0x7e415400d320
3740aca24e6c:3876:3925 [0] NCCL INFO proxyProgressAsync opId=0x7e414c00dd90 op.type=3 op.reqBuff=0x7e415400d2f0 op.respSize=88 done
3740aca24e6c:3876:3929 [0] NCCL INFO ncclPollProxyResponse Received new opId=0x7e414c00dd90
3740aca24e6c:3876:3925 [0] NCCL INFO Received and initiated operation=Setup res=0
3740aca24e6c:3876:3929 [0] NCCL INFO resp.opId=0x7e414c00dd90 matches expected opId=0x7e414c00dd90
3740aca24e6c:3876:3929 [0] NCCL INFO Channel 00/0 : 0[0] -> 1[1] via P2P/CUMEM
3740aca24e6c:3877:3924 [1] NCCL INFO New proxy send connection 4 from local rank 1, transport 0
3740aca24e6c:3877:3924 [1] NCCL INFO proxyProgressAsync opId=0x74488c00dd90 op.type=1 op.reqBuff=0x74489000d2f0 op.respSize=16 done
3740aca24e6c:3877:3928 [1] NCCL INFO ncclPollProxyResponse Received new opId=0x74488c00dd90
3740aca24e6c:3877:3924 [1] NCCL INFO Received and initiated operation=Init res=0
3740aca24e6c:3876:3925 [0] NCCL INFO New proxy send connection 4 from local rank 0, transport 0
3740aca24e6c:3876:3925 [0] NCCL INFO proxyProgressAsync opId=0x7e414c00dd90 op.type=1 op.reqBuff=0x7e415400d2f0 op.respSize=16 done
3740aca24e6c:3877:3928 [1] NCCL INFO resp.opId=0x74488c00dd90 matches expected opId=0x74488c00dd90
3740aca24e6c:3877:3928 [1] NCCL INFO Connected to proxy localRank 1 -> connection 0x744890005120
3740aca24e6c:3876:3929 [0] NCCL INFO ncclPollProxyResponse Received new opId=0x7e414c00dd90
3740aca24e6c:3876:3925 [0] NCCL INFO Received and initiated operation=Init res=0
3740aca24e6c:3876:3929 [0] NCCL INFO resp.opId=0x7e414c00dd90 matches expected opId=0x7e414c00dd90
3740aca24e6c:3876:3929 [0] NCCL INFO Connected to proxy localRank 0 -> connection 0x7e4154005120
3740aca24e6c:3877:3924 [1] NCCL INFO Allocated shareable buffer 0x7448eea00000 size 2097152 ipcDesc 0x74489000ea00
3740aca24e6c:3877:3924 [1] NCCL INFO proxyProgressAsync opId=0x74488c00dd90 op.type=3 op.reqBuff=0x74489000e9d0 op.respSize=88 done
3740aca24e6c:3877:3928 [1] NCCL INFO ncclPollProxyResponse Received new opId=0x74488c00dd90
3740aca24e6c:3876:3925 [0] NCCL INFO Allocated shareable buffer 0x7e41b8a00000 size 2097152 ipcDesc 0x7e415400ea00
3740aca24e6c:3877:3924 [1] NCCL INFO Received and initiated operation=Setup res=0
3740aca24e6c:3876:3925 [0] NCCL INFO proxyProgressAsync opId=0x7e414c00dd90 op.type=3 op.reqBuff=0x7e415400e9d0 op.respSize=88 done
3740aca24e6c:3877:3928 [1] NCCL INFO resp.opId=0x74488c00dd90 matches expected opId=0x74488c00dd90
3740aca24e6c:3876:3929 [0] NCCL INFO ncclPollProxyResponse Received new opId=0x7e414c00dd90
3740aca24e6c:3877:3928 [1] NCCL INFO Channel 01/0 : 1[1] -> 0[0] via P2P/CUMEM
3740aca24e6c:3876:3925 [0] NCCL INFO Received and initiated operation=Setup res=0
3740aca24e6c:3876:3929 [0] NCCL INFO resp.opId=0x7e414c00dd90 matches expected opId=0x7e414c00dd90
3740aca24e6c:3876:3929 [0] NCCL INFO Channel 01/0 : 0[0] -> 1[1] via P2P/CUMEM
3740aca24e6c:3876:3925 [0] NCCL INFO New proxy send connection 5 from local rank 0, transport 0
3740aca24e6c:3876:3925 [0] NCCL INFO proxyProgressAsync opId=0x7e414c00dd90 op.type=1 op.reqBuff=0x7e415400e9d0 op.respSize=16 done
3740aca24e6c:3876:3929 [0] NCCL INFO ncclPollProxyResponse Received new opId=0x7e414c00dd90
3740aca24e6c:3876:3925 [0] NCCL INFO Received and initiated operation=Init res=0
3740aca24e6c:3876:3929 [0] NCCL INFO resp.opId=0x7e414c00dd90 matches expected opId=0x7e414c00dd90
3740aca24e6c:3876:3929 [0] NCCL INFO Connected to proxy localRank 0 -> connection 0x7e4154005198
3740aca24e6c:3877:3924 [1] NCCL INFO New proxy send connection 5 from local rank 1, transport 0
3740aca24e6c:3877:3924 [1] NCCL INFO proxyProgressAsync opId=0x74488c00dd90 op.type=1 op.reqBuff=0x74489000e9d0 op.respSize=16 done
3740aca24e6c:3877:3928 [1] NCCL INFO ncclPollProxyResponse Received new opId=0x74488c00dd90
3740aca24e6c:3877:3924 [1] NCCL INFO Received and initiated operation=Init res=0
3740aca24e6c:3877:3928 [1] NCCL INFO resp.opId=0x74488c00dd90 matches expected opId=0x74488c00dd90
3740aca24e6c:3877:3928 [1] NCCL INFO Connected to proxy localRank 1 -> connection 0x744890005198
3740aca24e6c:3876:3925 [0] NCCL INFO Allocated shareable buffer 0x7e41b8c00000 size 2097152 ipcDesc 0x7e41540100e0
3740aca24e6c:3876:3925 [0] NCCL INFO proxyProgressAsync opId=0x7e414c00dd90 op.type=3 op.reqBuff=0x7e41540100b0 op.respSize=88 done
3740aca24e6c:3876:3929 [0] NCCL INFO ncclPollProxyResponse Received new opId=0x7e414c00dd90
3740aca24e6c:3876:3925 [0] NCCL INFO Received and initiated operation=Setup res=0
3740aca24e6c:3876:3929 [0] NCCL INFO resp.opId=0x7e414c00dd90 matches expected opId=0x7e414c00dd90
3740aca24e6c:3876:3929 [0] NCCL INFO Channel 02/0 : 0[0] -> 1[1] via P2P/CUMEM
3740aca24e6c:3876:3925 [0] NCCL INFO New proxy send connection 6 from local rank 0, transport 0
3740aca24e6c:3876:3925 [0] NCCL INFO proxyProgressAsync opId=0x7e414c00dd90 op.type=1 op.reqBuff=0x7e41540100b0 op.respSize=16 done
3740aca24e6c:3877:3924 [1] NCCL INFO Allocated shareable buffer 0x7448eec00000 size 2097152 ipcDesc 0x7448900100e0
3740aca24e6c:3876:3929 [0] NCCL INFO ncclPollProxyResponse Received new opId=0x7e414c00dd90
3740aca24e6c:3877:3924 [1] NCCL INFO proxyProgressAsync opId=0x74488c00dd90 op.type=3 op.reqBuff=0x7448900100b0 op.respSize=88 done
3740aca24e6c:3876:3925 [0] NCCL INFO Received and initiated operation=Init res=0
3740aca24e6c:3876:3929 [0] NCCL INFO resp.opId=0x7e414c00dd90 matches expected opId=0x7e414c00dd90
3740aca24e6c:3876:3929 [0] NCCL INFO Connected to proxy localRank 0 -> connection 0x7e4154005210
3740aca24e6c:3877:3928 [1] NCCL INFO ncclPollProxyResponse Received new opId=0x74488c00dd90
3740aca24e6c:3877:3924 [1] NCCL INFO Received and initiated operation=Setup res=0
3740aca24e6c:3877:3928 [1] NCCL INFO resp.opId=0x74488c00dd90 matches expected opId=0x74488c00dd90
3740aca24e6c:3877:3928 [1] NCCL INFO Channel 02/0 : 1[1] -> 0[0] via P2P/CUMEM
3740aca24e6c:3877:3924 [1] NCCL INFO New proxy send connection 6 from local rank 1, transport 0
3740aca24e6c:3877:3924 [1] NCCL INFO proxyProgressAsync opId=0x74488c00dd90 op.type=1 op.reqBuff=0x7448900100b0 op.respSize=16 done
3740aca24e6c:3877:3928 [1] NCCL INFO ncclPollProxyResponse Received new opId=0x74488c00dd90
3740aca24e6c:3877:3924 [1] NCCL INFO Received and initiated operation=Init res=0
3740aca24e6c:3877:3928 [1] NCCL INFO resp.opId=0x74488c00dd90 matches expected opId=0x74488c00dd90
3740aca24e6c:3877:3928 [1] NCCL INFO Connected to proxy localRank 1 -> connection 0x744890005210
3740aca24e6c:3876:3925 [0] NCCL INFO Allocated shareable buffer 0x7e41b8e00000 size 2097152 ipcDesc 0x7e41540117c0
3740aca24e6c:3876:3925 [0] NCCL INFO proxyProgressAsync opId=0x7e414c00dd90 op.type=3 op.reqBuff=0x7e4154011790 op.respSize=88 done
3740aca24e6c:3876:3929 [0] NCCL INFO ncclPollProxyResponse Received new opId=0x7e414c00dd90
3740aca24e6c:3876:3925 [0] NCCL INFO Received and initiated operation=Setup res=0
3740aca24e6c:3876:3929 [0] NCCL INFO resp.opId=0x7e414c00dd90 matches expected opId=0x7e414c00dd90
3740aca24e6c:3876:3929 [0] NCCL INFO Channel 03/0 : 0[0] -> 1[1] via P2P/CUMEM
3740aca24e6c:3876:3925 [0] NCCL INFO New proxy send connection 7 from local rank 0, transport 0
3740aca24e6c:3876:3925 [0] NCCL INFO proxyProgressAsync opId=0x7e414c00dd90 op.type=1 op.reqBuff=0x7e4154011790 op.respSize=16 done
3740aca24e6c:3876:3929 [0] NCCL INFO ncclPollProxyResponse Received new opId=0x7e414c00dd90
3740aca24e6c:3876:3925 [0] NCCL INFO Received and initiated operation=Init res=0
3740aca24e6c:3876:3929 [0] NCCL INFO resp.opId=0x7e414c00dd90 matches expected opId=0x7e414c00dd90
3740aca24e6c:3876:3929 [0] NCCL INFO Connected to proxy localRank 0 -> connection 0x7e4154005288
3740aca24e6c:3877:3924 [1] NCCL INFO Allocated shareable buffer 0x7448eee00000 size 2097152 ipcDesc 0x7448900117c0
3740aca24e6c:3877:3924 [1] NCCL INFO proxyProgressAsync opId=0x74488c00dd90 op.type=3 op.reqBuff=0x744890011790 op.respSize=88 done
3740aca24e6c:3877:3928 [1] NCCL INFO ncclPollProxyResponse Received new opId=0x74488c00dd90
3740aca24e6c:3877:3924 [1] NCCL INFO Received and initiated operation=Setup res=0
3740aca24e6c:3877:3928 [1] NCCL INFO resp.opId=0x74488c00dd90 matches expected opId=0x74488c00dd90
3740aca24e6c:3877:3928 [1] NCCL INFO Channel 03/0 : 1[1] -> 0[0] via P2P/CUMEM
3740aca24e6c:3877:3924 [1] NCCL INFO New proxy send connection 7 from local rank 1, transport 0
3740aca24e6c:3877:3924 [1] NCCL INFO proxyProgressAsync opId=0x74488c00dd90 op.type=1 op.reqBuff=0x744890011790 op.respSize=16 done
3740aca24e6c:3877:3928 [1] NCCL INFO ncclPollProxyResponse Received new opId=0x74488c00dd90
3740aca24e6c:3877:3924 [1] NCCL INFO Received and initiated operation=Init res=0
3740aca24e6c:3877:3928 [1] NCCL INFO resp.opId=0x74488c00dd90 matches expected opId=0x74488c00dd90
3740aca24e6c:3877:3928 [1] NCCL INFO Connected to proxy localRank 1 -> connection 0x744890005288
3740aca24e6c:3876:3925 [0] NCCL INFO Allocated shareable buffer 0x7e41b9000000 size 2097152 ipcDesc 0x7e4154012ea0
3740aca24e6c:3876:3925 [0] NCCL INFO proxyProgressAsync opId=0x7e414c00dd90 op.type=3 op.reqBuff=0x7e4154012e70 op.respSize=88 done
3740aca24e6c:3876:3929 [0] NCCL INFO ncclPollProxyResponse Received new opId=0x7e414c00dd90
3740aca24e6c:3876:3925 [0] NCCL INFO Received and initiated operation=Setup res=0
3740aca24e6c:3876:3929 [0] NCCL INFO resp.opId=0x7e414c00dd90 matches expected opId=0x7e414c00dd90
3740aca24e6c:3877:3924 [1] NCCL INFO Allocated shareable buffer 0x7448ef000000 size 2097152 ipcDesc 0x744890012ea0
3740aca24e6c:3877:3924 [1] NCCL INFO proxyProgressAsync opId=0x74488c00dd90 op.type=3 op.reqBuff=0x744890012e70 op.respSize=88 done
3740aca24e6c:3877:3928 [1] NCCL INFO ncclPollProxyResponse Received new opId=0x74488c00dd90
3740aca24e6c:3877:3924 [1] NCCL INFO Received and initiated operation=Setup res=0
3740aca24e6c:3877:3928 [1] NCCL INFO resp.opId=0x74488c00dd90 matches expected opId=0x74488c00dd90
3740aca24e6c:3877:3924 [1] NCCL INFO New proxy send connection 8 from local rank 0, transport 0
3740aca24e6c:3877:3924 [1] NCCL INFO proxyProgressAsync opId=0x7e414c00dd90 op.type=1 op.reqBuff=0x744890012e70 op.respSize=16 done
3740aca24e6c:3876:3929 [0] NCCL INFO ncclPollProxyResponse Received new opId=0x7e414c00dd90
3740aca24e6c:3876:3929 [0] NCCL INFO resp.opId=0x7e414c00dd90 matches expected opId=0x7e414c00dd90
3740aca24e6c:3876:3929 [0] NCCL INFO Connected to proxy localRank 1 -> connection 0x744890005300
3740aca24e6c:3877:3924 [1] NCCL INFO Received and initiated operation=Init res=0
3740aca24e6c:3876:3925 [0] NCCL INFO New proxy send connection 8 from local rank 1, transport 0
3740aca24e6c:3876:3925 [0] NCCL INFO proxyProgressAsync opId=0x74488c00dd90 op.type=1 op.reqBuff=0x7e4154012e70 op.respSize=16 done
3740aca24e6c:3876:3929 [0] NCCL INFO ProxyCall UDS comm 0x580f89e05e10 rank 0 tpRank 1(a9729508d681d470) reqSize 8 respSize 0 respFd 0x7e4160eddb18 opId 0x816155616809f953
3740aca24e6c:3877:3928 [1] NCCL INFO ncclPollProxyResponse Received new opId=0x74488c00dd90
3740aca24e6c:3876:3925 [0] NCCL INFO Received and initiated operation=Init res=0
3740aca24e6c:3877:3928 [1] NCCL INFO resp.opId=0x74488c00dd90 matches expected opId=0x74488c00dd90
3740aca24e6c:3877:3928 [1] NCCL INFO Connected to proxy localRank 0 -> connection 0x7e4154005300
3740aca24e6c:3877:3926 [1] NCCL INFO proxyUDSRecvReq::ncclProxyMsgGetFd rank 0 opId 0x816155616809f953 handle=0x744890008bd0
3740aca24e6c:3877:3926 [1] NCCL INFO UDS proxyGetFd received handle 0x744890008bd0 peer 0 opId 816155616809f953
3740aca24e6c:3877:3928 [1] NCCL INFO ProxyCall UDS comm 0x5a592f5f0fd0 rank 1 tpRank 0(9942168d3b7a2056) reqSize 8 respSize 0 respFd 0x74489c986b18 opId 0x70c6ff2a0c3b5a58
3740aca24e6c:3876:3927 [0] NCCL INFO proxyUDSRecvReq::ncclProxyMsgGetFd rank 1 opId 0x70c6ff2a0c3b5a58 handle=0x7e4154008bd0
3740aca24e6c:3876:3927 [0] NCCL INFO UDS proxyGetFd received handle 0x7e4154008bd0 peer 1 opId 70c6ff2a0c3b5a58
3740aca24e6c:3876:3929 [0] NCCL INFO ProxyCall UDS comm 0x580f89e05e10 rank 0 tpRank 1(a9729508d681d470) reqSize 8 respSize 0 respFd 110 opId 0x816155616809f953 - DONE
3740aca24e6c:3876:3929 [0] NCCL INFO UDS: ClientGetFd handle 0x744890008bd0 tpRank 1 returned fd 110 sameProcess 0
3740aca24e6c:3876:3929 [0] NCCL INFO UDS converted handle 0x744890008bd0 to fd 110 on remote peer 1
3740aca24e6c:3877:3928 [1] NCCL INFO ProxyCall UDS comm 0x5a592f5f0fd0 rank 1 tpRank 0(9942168d3b7a2056) reqSize 8 respSize 0 respFd 100 opId 0x70c6ff2a0c3b5a58 - DONE
3740aca24e6c:3877:3928 [1] NCCL INFO UDS: ClientGetFd handle 0x7e4154008bd0 tpRank 0 returned fd 100 sameProcess 0
3740aca24e6c:3877:3928 [1] NCCL INFO UDS converted handle 0x7e4154008bd0 to fd 100 on remote peer 0
3740aca24e6c:3876:3929 [0] NCCL INFO Imported shareable buffer device 0 size 10485760 ptr 0x7e41b9200000
3740aca24e6c:3876:3929 [0] NCCL INFO ProxyCall UDS comm 0x580f89e05e10 rank 0 tpRank 1(a9729508d681d470) reqSize 8 respSize 0 respFd 0x7e4160eddb08 opId 0x506b5c475cf8422e
3740aca24e6c:3877:3926 [1] NCCL INFO proxyUDSRecvReq::ncclProxyMsgGetFd rank 0 opId 0x506b5c475cf8422e handle=0x74489000ea50
3740aca24e6c:3877:3926 [1] NCCL INFO UDS proxyGetFd received handle 0x74489000ea50 peer 0 opId 506b5c475cf8422e
3740aca24e6c:3877:3928 [1] NCCL INFO Imported shareable buffer device 1 size 10485760 ptr 0x7448ef200000
3740aca24e6c:3877:3928 [1] NCCL INFO ProxyCall UDS comm 0x5a592f5f0fd0 rank 1 tpRank 0(9942168d3b7a2056) reqSize 8 respSize 0 respFd 0x74489c986b08 opId 0xe3cebbe6b137730f
3740aca24e6c:3876:3927 [0] NCCL INFO proxyUDSRecvReq::ncclProxyMsgGetFd rank 1 opId 0xe3cebbe6b137730f handle=0x7e415400ea50
3740aca24e6c:3876:3927 [0] NCCL INFO UDS proxyGetFd received handle 0x7e415400ea50 peer 1 opId e3cebbe6b137730f
3740aca24e6c:3876:3929 [0] NCCL INFO ProxyCall UDS comm 0x580f89e05e10 rank 0 tpRank 1(a9729508d681d470) reqSize 8 respSize 0 respFd 110 opId 0x506b5c475cf8422e - DONE
3740aca24e6c:3876:3929 [0] NCCL INFO UDS: ClientGetFd handle 0x74489000ea50 tpRank 1 returned fd 110 sameProcess 0
3740aca24e6c:3876:3929 [0] NCCL INFO UDS converted handle 0x74489000ea50 to fd 110 on remote peer 1
3740aca24e6c:3877:3928 [1] NCCL INFO ProxyCall UDS comm 0x5a592f5f0fd0 rank 1 tpRank 0(9942168d3b7a2056) reqSize 8 respSize 0 respFd 99 opId 0xe3cebbe6b137730f - DONE
3740aca24e6c:3877:3928 [1] NCCL INFO UDS: ClientGetFd handle 0x7e415400ea50 tpRank 0 returned fd 99 sameProcess 0
3740aca24e6c:3877:3928 [1] NCCL INFO UDS converted handle 0x7e415400ea50 to fd 99 on remote peer 0
3740aca24e6c:3876:3929 [0] NCCL INFO Imported shareable buffer device 0 size 2097152 ptr 0x7e41b9c00000
3740aca24e6c:3876:3929 [0] NCCL INFO ProxyCall UDS comm 0x580f89e05e10 rank 0 tpRank 1(a9729508d681d470) reqSize 8 respSize 0 respFd 0x7e4160eddb18 opId 0xc1e9049bcc132f3d
3740aca24e6c:3877:3926 [1] NCCL INFO proxyUDSRecvReq::ncclProxyMsgGetFd rank 0 opId 0xc1e9049bcc132f3d handle=0x74489000a550
3740aca24e6c:3877:3926 [1] NCCL INFO UDS proxyGetFd received handle 0x74489000a550 peer 0 opId c1e9049bcc132f3d
3740aca24e6c:3877:3928 [1] NCCL INFO Imported shareable buffer device 1 size 2097152 ptr 0x7448efc00000
3740aca24e6c:3877:3928 [1] NCCL INFO ProxyCall UDS comm 0x5a592f5f0fd0 rank 1 tpRank 0(9942168d3b7a2056) reqSize 8 respSize 0 respFd 0x74489c986b18 opId 0xf93fb8182b6bc66a
3740aca24e6c:3876:3927 [0] NCCL INFO proxyUDSRecvReq::ncclProxyMsgGetFd rank 1 opId 0xf93fb8182b6bc66a handle=0x7e415400a550
3740aca24e6c:3876:3927 [0] NCCL INFO UDS proxyGetFd received handle 0x7e415400a550 peer 1 opId f93fb8182b6bc66a
